✓ Initialized. View run at 
https://modal.com/apps/picographer0214/main/ap-EnLcoLGRTqa1lkSXA4aMBo
✓ Created objects.
├── 🔨 Created mount 
│   /Users/ram/kernel-finetuning/Kernel-Writer-RL-v2/modal_app/bench_v2_modal.py
├── 🔨 Created mount PythonPackage:common, PythonPackage:bench_v2_core
└── 🔨 Created function BenchV2.*.
╭─ Modal Deprecation Warning (2025-06-27) ─────────────────────────────────────╮
│ Function.map currently leaks an internal exception wrapping type             │
│ (modal.exceptions.UserCodeException) when `return_exceptions=True` is set.   │
│ In the future, this will change, and the underlying exception will be        │
│ returned directly.                                                           │
│ To opt into the future behavior and silence this warning, add                │
│ `wrap_returned_exceptions=False`:                                            │
│                                                                              │
│     f.map(..., return_exceptions=True, wrap_returned_exceptions=False)       │
│                                                                              │
│ Source:                                                                      │
│ /Users/ram/kernel-finetuning/Kernel-Writer-RL-v2/modal_app/phase0_starters.p │
│ y:33                                                                         │
│   for r in BenchV2().run_batch.map(_batches(jobs, 1),                        │
│ return_exceptions=True):                                                     │
╰──────────────────────────────────────────────────────────────────────────────╯
starter_v2:matmul:0 FAIL 11.78 ['sweep/xlarge/float32: 1947/16777216 elems out of tol (atol=0.0001, rtol=0.0001), max_abs_err=9.308e-04, nonfinite=0', 'sweep/deep_k/float32: 309/1048576 elems out of tol (atol=0.0001, rtol=0.0001), max_abs_err=4.425e-04, nonfinite=0'] 
starter_v2:softmax:0 PASS 45.62 [] 
starter_v2:layernorm:0 PASS 16.15 [] 
starter_v2:rmsnorm:0 PASS 10.85 [] 
starter_v2:flash_attention:0 PASS 20.78 [] 
starter_v2:fused_mlp:0 PASS 12.16 [] 
starter_v2:cross_entropy:0 PASS 28.43 [] 
starter_v2:rotary_embedding:0 PASS 7.86 [] 
starter_v2:reduce:0 PASS 7.24 [] 
wrote /Users/ram/kernel-finetuning/Kernel-Writer-RL-v2/results/v3/phase0_starters.jsonl
Stopping app - local entrypoint completed.
✓ App completed. View run at 
https://modal.com/apps/picographer0214/main/ap-EnLcoLGRTqa1lkSXA4aMBo
