Note that running a local entrypoint in detached mode only keeps the last triggered Modal function alive after the parent process has been killed or disconnected.
✓ Initialized. View run at 
https://modal.com/apps/picographer0214/main/ap-bvACbVp2z2UC0wzjQLaam2
✓ Created objects.
├── 🔨 Created mount 
│   /Users/ram/kernel-finetuning/Kernel-Writer-RL-v2/modal_app/train_grpo.py
├── 🔨 Created mount 
│   /Users/ram/kernel-finetuning/Kernel-Writer-RL-v2/results/autokernel_src
├── 🔨 Created mount PythonPackage:common, PythonPackage:agent_eval
├── 🔨 Created mount 
│   /Users/ram/kernel-finetuning/Kernel-Writer-RL-v2/src/autokernel-rlvr
└── 🔨 Created function train.
Sliding Window Attention is enabled but not implemented for `sdpa`; unexpected results may be encountered.

[1ALoading checkpoint shards:   0%|          | 0/4 [00:00<?, ?it/s]
[1ALoading checkpoint shards:  25%|██▌       | 1/4 [00:00<00:01,  1.60it/s]
[1ALoading checkpoint shards:  50%|█████     | 2/4 [00:02<00:02,  1.36s/it]
[1ALoading checkpoint shards:  75%|███████▌  | 3/4 [00:03<00:01,  1.02s/it]Loading checkpoint shards: 100%|██████████| 4/4 [00:03<00:00,  1.28it/s]
[22:16:55] trainable params 161.5M, start step 0
an error occurred during closing of asynchronous generator <async_generator object Synchronizer._run_generator_async at 0x14ebab5e2640>
asyncgen: <async_generator object Synchronizer._run_generator_async at 0x14ebab5e2640>
Traceback (most recent call last):
  File "/pkg/modal/_utils/async_utils.py", line 807, in __iter__
    yield from run_async_gen(runner, self._async_iterable)
GeneratorExit

During handling of the above exception, another exception occurred:

RuntimeError: aclose(): asynchronous generator is already running
an error occurred during closing of asynchronous generator <async_generator object _Function._map at 0x14eb71742460>
asyncgen: <async_generator object _Function._map at 0x14eb71742460>
Traceback (most recent call last):
  File "/pkg/modal/_utils/async_utils.py", line 807, in __iter__
    yield from run_async_gen(runner, self._async_iterable)
GeneratorExit

During handling of the above exception, another exception occurred:

RuntimeError: aclose(): asynchronous generator is already running
an error occurred during closing of asynchronous generator <async_generator object async_merge at 0x14ebab5ea2c0>
asyncgen: <async_generator object async_merge at 0x14ebab5ea2c0>
Traceback (most recent call last):
  File "/pkg/modal/_utils/async_utils.py", line 807, in __iter__
    yield from run_async_gen(runner, self._async_iterable)
GeneratorExit

During handling of the above exception, another exception occurred:

RuntimeError: aclose(): asynchronous generator is already running
[22:18:04] turn 0: 72 active, gen 34s, bench 34s, PASS 19
an error occurred during closing of asynchronous generator <async_generator object async_merge at 0x14eb71709a20>
asyncgen: <async_generator object async_merge at 0x14eb71709a20>
Traceback (most recent call last):
  File "/pkg/modal/_utils/async_utils.py", line 807, in __iter__
    yield from run_async_gen(runner, self._async_iterable)
GeneratorExit

During handling of the above exception, another exception occurred:

RuntimeError: aclose(): asynchronous generator is already running
an error occurred during closing of asynchronous generator <async_generator object Synchronizer._run_generator_async at 0x14eb71725a60>
asyncgen: <async_generator object Synchronizer._run_generator_async at 0x14eb71725a60>
Traceback (most recent call last):
  File "/pkg/modal/_utils/async_utils.py", line 807, in __iter__
    yield from run_async_gen(runner, self._async_iterable)
GeneratorExit

During handling of the above exception, another exception occurred:

RuntimeError: aclose(): asynchronous generator is already running
an error occurred during closing of asynchronous generator <async_generator object _Function._map at 0x14eb71742ac0>
asyncgen: <async_generator object _Function._map at 0x14eb71742ac0>
Traceback (most recent call last):
  File "/pkg/modal/_utils/async_utils.py", line 807, in __iter__
    yield from run_async_gen(runner, self._async_iterable)
GeneratorExit

During handling of the above exception, another exception occurred:

RuntimeError: aclose(): asynchronous generator is already running
[22:19:35] turn 1: 72 active, gen 33s, bench 58s, PASS 8
an error occurred during closing of asynchronous generator <async_generator object Synchronizer._run_generator_async at 0x14eb71725cc0>
asyncgen: <async_generator object Synchronizer._run_generator_async at 0x14eb71725cc0>
Traceback (most recent call last):
  File "/pkg/modal/_utils/async_utils.py", line 807, in __iter__
    yield from run_async_gen(runner, self._async_iterable)
GeneratorExit

During handling of the above exception, another exception occurred:

RuntimeError: aclose(): asynchronous generator is already running
an error occurred during closing of asynchronous generator <async_generator object _Function._map at 0x14eb71743340>
asyncgen: <async_generator object _Function._map at 0x14eb71743340>
Traceback (most recent call last):
  File "/pkg/modal/_utils/async_utils.py", line 807, in __iter__
    yield from run_async_gen(runner, self._async_iterable)
GeneratorExit

During handling of the above exception, another exception occurred:

RuntimeError: aclose(): asynchronous generator is already running
an error occurred during closing of asynchronous generator <async_generator object async_merge at 0x14eb7170a150>
asyncgen: <async_generator object async_merge at 0x14eb7170a150>
Traceback (most recent call last):
  File "/pkg/modal/_utils/async_utils.py", line 807, in __iter__
    yield from run_async_gen(runner, self._async_iterable)
GeneratorExit

During handling of the above exception, another exception occurred:

RuntimeError: aclose(): asynchronous generator is already running
[22:23:12] turn 2: 72 active, gen 36s, bench 181s, PASS 8
Task was destroyed but it is pending!
task: <Task cancelling name='Task-1529' coro=<async_merge.<locals>.producer() running at /pkg/modal/_utils/async_utils.py:1038> wait_for=<Future pending cb=[Task.task_wakeup()]> cb=[gather.<locals>._done_callback() at /usr/local/lib/python3.11/asyncio/tasks.py:764]>
Task was destroyed but it is pending!
task: <Task pending name='Task-3101' coro=<Synchronizer._run_function_async() running at /pkg/synchronicity/synchronizer.py:459> wait_for=<Future pending cb=[shield.<locals>._outer_done_callback() at /usr/local/lib/python3.11/asyncio/tasks.py:908, Task.task_wakeup()]> cb=[shield.<locals>._inner_done_callback() at /usr/local/lib/python3.11/asyncio/tasks.py:891]>
Task was destroyed but it is pending!
task: <Task pending name='Task-3089' coro=<<async_generator_athrow without __name__>()> wait_for=<Future pending cb=[Task.task_wakeup()]>>
Task was destroyed but it is pending!
task: <Task cancelling name='Task-3115' coro=<async_merge.<locals>.producer() running at /pkg/modal/_utils/async_utils.py:1038> wait_for=<Future pending cb=[_chain_future.<locals>._call_check_cancel() at /usr/local/lib/python3.11/asyncio/futures.py:387, Task.task_wakeup()]> cb=[gather.<locals>._done_callback() at /usr/local/lib/python3.11/asyncio/tasks.py:764]>
Task was destroyed but it is pending!
task: <Task pending name='Task-5026' coro=<<async_generator_athrow without __name__>()> wait_for=<Future pending cb=[Task.task_wakeup()]>>
an error occurred during closing of asynchronous generator <async_generator object async_merge at 0x14eb7170a880>
asyncgen: <async_generator object async_merge at 0x14eb7170a880>
Traceback (most recent call last):
  File "/pkg/modal/_utils/async_utils.py", line 807, in __iter__
    yield from run_async_gen(runner, self._async_iterable)
GeneratorExit

During handling of the above exception, another exception occurred:

RuntimeError: aclose(): asynchronous generator is already running
an error occurred during closing of asynchronous generator <async_generator object Synchronizer._run_generator_async at 0x14eb71726180>
asyncgen: <async_generator object Synchronizer._run_generator_async at 0x14eb71726180>
Traceback (most recent call last):
  File "/pkg/modal/_utils/async_utils.py", line 807, in __iter__
    yield from run_async_gen(runner, self._async_iterable)
GeneratorExit

During handling of the above exception, another exception occurred:

RuntimeError: aclose(): asynchronous generator is already running
Task was destroyed but it is pending!
task: <Task pending name='Task-7092' coro=<<async_generator_athrow without __name__>()> wait_for=<Future finished result=None>>
[22:27:57] turn 3: 72 active, gen 43s, bench 242s, PASS 8
Task was destroyed but it is pending!
task: <Task cancelling name='Task-51' coro=<async_merge.<locals>.producer() running at /pkg/modal/_utils/async_utils.py:1038> wait_for=<Future pending cb=[Task.task_wakeup()]> cb=[gather.<locals>._done_callback() at /usr/local/lib/python3.11/asyncio/tasks.py:764]>
Task was destroyed but it is pending!
task: <Task pending name='Task-1516' coro=<Synchronizer._run_function_async() running at /pkg/synchronicity/synchronizer.py:459> wait_for=<Future pending cb=[shield.<locals>._outer_done_callback() at /usr/local/lib/python3.11/asyncio/tasks.py:908, Task.task_wakeup()]> cb=[shield.<locals>._inner_done_callback() at /usr/local/lib/python3.11/asyncio/tasks.py:891]>
Task was destroyed but it is pending!
task: <Task pending name='Task-1507' coro=<<async_generator_athrow without __name__>()> wait_for=<Future pending cb=[Task.task_wakeup()]>>
[22:28:40] step 1/20 reward 0.086 pass 0.29 best 2.04x zero_adv 0.67 roll 662s train 31s
an error occurred during closing of asynchronous generator <async_generator object Synchronizer._run_generator_async at 0x14eb71725cc0>
asyncgen: <async_generator object Synchronizer._run_generator_async at 0x14eb71725cc0>
Traceback (most recent call last):
  File "/pkg/modal/_utils/async_utils.py", line 807, in __iter__
    yield from run_async_gen(runner, self._async_iterable)
GeneratorExit

During handling of the above exception, another exception occurred:

RuntimeError: aclose(): asynchronous generator is already running
an error occurred during closing of asynchronous generator <async_generator object async_merge at 0x14ebab5ea150>
asyncgen: <async_generator object async_merge at 0x14ebab5ea150>
Traceback (most recent call last):
  File "/pkg/modal/_utils/async_utils.py", line 807, in __iter__
    yield from run_async_gen(runner, self._async_iterable)
GeneratorExit

During handling of the above exception, another exception occurred:

RuntimeError: aclose(): asynchronous generator is already running
[22:29:55] turn 0: 72 active, gen 28s, bench 47s, PASS 21
an error occurred during closing of asynchronous generator <async_generator object async_merge at 0x14eb71709a20>
asyncgen: <async_generator object async_merge at 0x14eb71709a20>
Traceback (most recent call last):
  File "/pkg/modal/_utils/async_utils.py", line 807, in __iter__
    yield from run_async_gen(runner, self._async_iterable)
GeneratorExit

During handling of the above exception, another exception occurred:

RuntimeError: aclose(): asynchronous generator is already running
an error occurred during closing of asynchronous generator <async_generator object _Function._map at 0x14eb71742ac0>
asyncgen: <async_generator object _Function._map at 0x14eb71742ac0>
Traceback (most recent call last):
  File "/pkg/modal/_utils/async_utils.py", line 1056, in async_merge
    yield item.value
GeneratorExit

During handling of the above exception, another exception occurred:

Traceback (most recent call last):
  File "/pkg/modal/_object.py", line 55, in wrapped
    async with aclosing(method(self, *args, **kwargs)) as stream:
  File "/pkg/modal/_utils/async_utils.py", line 906, in __aexit__
    await self.agen.aclose()
  File "/pkg/modal/_functions.py", line 1648, in _map
    async with aclosing(
  File "/pkg/modal/_utils/async_utils.py", line 906, in __aexit__
    await self.agen.aclose()
  File "/pkg/modal/parallel_map.py", line 979, in _map_invocation_inputplane
    async with aclosing(
  File "/pkg/modal/_utils/async_utils.py", line 906, in __aexit__
    await self.agen.aclose()
  File "/pkg/modal/_utils/async_utils.py", line 1085, in async_merge
    await asyncio.wait_for(
  File "/usr/local/lib/python3.11/asyncio/tasks.py", line 470, in wait_for
    fut = ensure_future(fut, loop=loop)
          ^^^^^^^^^^^^^^^^^^^^^^^^^^^^^
  File "/usr/local/lib/python3.11/asyncio/tasks.py", line 659, in ensure_future
    return _ensure_future(coro_or_future, loop=loop)
           ^^^^^^^^^^^^^^^^^^^^^^^^^^^^^^^^^^^^^^^^^
  File "/usr/local/lib/python3.11/asyncio/tasks.py", line 665, in _ensure_future
    raise ValueError('The future belongs to a different loop than '
ValueError: The future belongs to a different loop than the one specified as the loop argument
an error occurred during closing of asynchronous generator <async_generator object Synchronizer._run_generator_async at 0x14eb717263e0>
asyncgen: <async_generator object Synchronizer._run_generator_async at 0x14eb717263e0>
Traceback (most recent call last):
  File "/pkg/modal/_utils/async_utils.py", line 807, in __iter__
    yield from run_async_gen(runner, self._async_iterable)
GeneratorExit

During handling of the above exception, another exception occurred:

RuntimeError: aclose(): asynchronous generator is already running
[22:31:16] turn 1: 72 active, gen 33s, bench 48s, PASS 10
Task was destroyed but it is pending!
task: <Task cancelling name='Task-7118' coro=<async_merge.<locals>.producer() running at /pkg/modal/_utils/async_utils.py:1038> wait_for=<Future pending cb=[Task.task_wakeup()]> cb=[gather.<locals>._done_callback() at /usr/local/lib/python3.11/asyncio/tasks.py:764]>
Task was destroyed but it is pending!
task: <Task pending name='Task-8573' coro=<<async_generator_athrow without __name__>()> wait_for=<Future pending cb=[Task.task_wakeup()]>>
Future exception was never retrieved
future: <Future finished exception=StopAsyncIteration()>
Traceback (most recent call last):
  File "/pkg/synchronicity/synchronizer.py", line 425, in wrapper_coro
    return await inner_task
           ^^^^^^^^^^^^^^^^
  File "/pkg/synchronicity/synchronizer.py", line 264, in coro_wrapped
    value = await coro
            ^^^^^^^^^^
  File "/pkg/synchronicity/exceptions.py", line 31, in coro_wrapped
    return await coro
           ^^^^^^^^^^
StopAsyncIteration
Task was destroyed but it is pending!
task: <Task cancelling name='Task-8597' coro=<async_merge.<locals>.producer() running at /pkg/modal/_utils/async_utils.py:1038> wait_for=<Future pending cb=[Task.task_wakeup()]> cb=[gather.<locals>._done_callback() at /usr/local/lib/python3.11/asyncio/tasks.py:764]>
Task was destroyed but it is pending!
task: <Task pending name='Task-10076' coro=<<async_generator_athrow without __name__>()> wait_for=<Future pending cb=[Task.task_wakeup()]>>
Future exception was never retrieved
future: <Future finished exception=StopAsyncIteration()>
Traceback (most recent call last):
  File "/pkg/synchronicity/synchronizer.py", line 425, in wrapper_coro
    return await inner_task
           ^^^^^^^^^^^^^^^^
  File "/pkg/synchronicity/synchronizer.py", line 264, in coro_wrapped
    value = await coro
            ^^^^^^^^^^
  File "/pkg/synchronicity/exceptions.py", line 31, in coro_wrapped
    return await coro
           ^^^^^^^^^^
StopAsyncIteration
an error occurred during closing of asynchronous generator <async_generator object Synchronizer._run_generator_async at 0x14eb71726770>
asyncgen: <async_generator object Synchronizer._run_generator_async at 0x14eb71726770>
Traceback (most recent call last):
  File "/pkg/modal/_utils/async_utils.py", line 807, in __iter__
    yield from run_async_gen(runner, self._async_iterable)
GeneratorExit

During handling of the above exception, another exception occurred:

RuntimeError: aclose(): asynchronous generator is already running
an error occurred during closing of asynchronous generator <async_generator object async_merge at 0x14eb7170afb0>
asyncgen: <async_generator object async_merge at 0x14eb7170afb0>
Traceback (most recent call last):
  File "/pkg/modal/_utils/async_utils.py", line 807, in __iter__
    yield from run_async_gen(runner, self._async_iterable)
GeneratorExit

During handling of the above exception, another exception occurred:

RuntimeError: aclose(): asynchronous generator is already running
Task was destroyed but it is pending!
task: <Task pending name='Task-11566' coro=<<async_generator_athrow without __name__>()> wait_for=<Future finished result=None>>
[22:32:34] turn 2: 72 active, gen 37s, bench 40s, PASS 6
an error occurred during closing of asynchronous generator <async_generator object async_merge at 0x14ebab5ea150>
asyncgen: <async_generator object async_merge at 0x14ebab5ea150>
Traceback (most recent call last):
  File "/pkg/modal/_utils/async_utils.py", line 807, in __iter__
    yield from run_async_gen(runner, self._async_iterable)
GeneratorExit

During handling of the above exception, another exception occurred:

RuntimeError: aclose(): asynchronous generator is already running
an error occurred during closing of asynchronous generator <async_generator object Synchronizer._run_generator_async at 0x14eb717269d0>
asyncgen: <async_generator object Synchronizer._run_generator_async at 0x14eb717269d0>
Traceback (most recent call last):
  File "/pkg/modal/_utils/async_utils.py", line 807, in __iter__
    yield from run_async_gen(runner, self._async_iterable)
GeneratorExit

During handling of the above exception, another exception occurred:

RuntimeError: aclose(): asynchronous generator is already running
[22:34:00] turn 3: 72 active, gen 40s, bench 46s, PASS 6
Task was destroyed but it is pending!
task: <Task cancelling name='Task-11588' coro=<async_merge.<locals>.producer() running at /pkg/modal/_utils/async_utils.py:1038> wait_for=<Future pending cb=[Task.task_wakeup()]> cb=[gather.<locals>._done_callback() at /usr/local/lib/python3.11/asyncio/tasks.py:764]>
Task was destroyed but it is pending!
task: <Task pending name='Task-13082' coro=<<async_generator_athrow without __name__>()> wait_for=<Future pending cb=[Task.task_wakeup()]>>
[22:34:37] step 2/20 reward 0.096 pass 0.31 best 2.04x zero_adv 0.67 roll 320s train 31s
an error occurred during closing of asynchronous generator <async_generator object Synchronizer._run_generator_async at 0x14ebab5e2e90>
asyncgen: <async_generator object Synchronizer._run_generator_async at 0x14ebab5e2e90>
Traceback (most recent call last):
  File "/pkg/modal/_utils/async_utils.py", line 807, in __iter__
    yield from run_async_gen(runner, self._async_iterable)
GeneratorExit

During handling of the above exception, another exception occurred:

RuntimeError: aclose(): asynchronous generator is already running
an error occurred during closing of asynchronous generator <async_generator object async_merge at 0x14ebab5ea2c0>
asyncgen: <async_generator object async_merge at 0x14ebab5ea2c0>
Traceback (most recent call last):
  File "/pkg/modal/_utils/async_utils.py", line 807, in __iter__
    yield from run_async_gen(runner, self._async_iterable)
GeneratorExit

During handling of the above exception, another exception occurred:

RuntimeError: aclose(): asynchronous generator is already running
[22:35:48] turn 0: 72 active, gen 43s, bench 28s, PASS 19
an error occurred during closing of asynchronous generator <async_generator object Synchronizer._run_generator_async at 0x14eb71726050>
asyncgen: <async_generator object Synchronizer._run_generator_async at 0x14eb71726050>
Traceback (most recent call last):
  File "/pkg/modal/_utils/async_utils.py", line 807, in __iter__
    yield from run_async_gen(runner, self._async_iterable)
GeneratorExit

During handling of the above exception, another exception occurred:

RuntimeError: aclose(): asynchronous generator is already running
an error occurred during closing of asynchronous generator <async_generator object async_merge at 0x14ebab5ea150>
asyncgen: <async_generator object async_merge at 0x14ebab5ea150>
Traceback (most recent call last):
  File "/pkg/modal/_utils/async_utils.py", line 807, in __iter__
    yield from run_async_gen(runner, self._async_iterable)
GeneratorExit

During handling of the above exception, another exception occurred:

RuntimeError: aclose(): asynchronous generator is already running
[22:39:22] turn 1: 72 active, gen 32s, bench 181s, PASS 9
Task was destroyed but it is pending!
task: <Task cancelling name='Task-13110' coro=<async_merge.<locals>.producer() running at /pkg/modal/_utils/async_utils.py:1038> wait_for=<Future pending cb=[Task.task_wakeup()]> cb=[gather.<locals>._done_callback() at /usr/local/lib/python3.11/asyncio/tasks.py:764]>
Task was destroyed but it is pending!
task: <Task pending name='Task-14509' coro=<<async_generator_athrow without __name__>()> wait_for=<Future pending cb=[Task.task_wakeup()]>>
Future exception was never retrieved
future: <Future finished exception=StopAsyncIteration()>
Traceback (most recent call last):
  File "/pkg/synchronicity/synchronizer.py", line 425, in wrapper_coro
    return await inner_task
           ^^^^^^^^^^^^^^^^
  File "/pkg/synchronicity/synchronizer.py", line 264, in coro_wrapped
    value = await coro
            ^^^^^^^^^^
  File "/pkg/synchronicity/exceptions.py", line 31, in coro_wrapped
    return await coro
           ^^^^^^^^^^
StopAsyncIteration
Task was destroyed but it is pending!
task: <Task cancelling name='Task-14532' coro=<async_merge.<locals>.producer() running at /pkg/modal/_utils/async_utils.py:1038> wait_for=<Future pending cb=[Task.task_wakeup()]> cb=[gather.<locals>._done_callback() at /usr/local/lib/python3.11/asyncio/tasks.py:764]>
Task was destroyed but it is pending!
task: <Task pending name='Task-16420' coro=<<async_generator_athrow without __name__>()> wait_for=<Future pending cb=[Task.task_wakeup()]>>
an error occurred during closing of asynchronous generator <async_generator object Synchronizer._run_generator_async at 0x14eb71726770>
asyncgen: <async_generator object Synchronizer._run_generator_async at 0x14eb71726770>
Traceback (most recent call last):
  File "/pkg/modal/_utils/async_utils.py", line 807, in __iter__
    yield from run_async_gen(runner, self._async_iterable)
GeneratorExit

During handling of the above exception, another exception occurred:

RuntimeError: aclose(): asynchronous generator is already running
an error occurred during closing of asynchronous generator <async_generator object async_merge at 0x14eb7170a5a0>
asyncgen: <async_generator object async_merge at 0x14eb7170a5a0>
Traceback (most recent call last):
  File "/pkg/modal/_utils/async_utils.py", line 807, in __iter__
    yield from run_async_gen(runner, self._async_iterable)
GeneratorExit

During handling of the above exception, another exception occurred:

RuntimeError: aclose(): asynchronous generator is already running
[22:41:27] turn 2: 72 active, gen 47s, bench 78s, PASS 6
an error occurred during closing of asynchronous generator <async_generator object Synchronizer._run_generator_async at 0x14eb71725a60>
asyncgen: <async_generator object Synchronizer._run_generator_async at 0x14eb71725a60>
Traceback (most recent call last):
  File "/pkg/modal/_utils/async_utils.py", line 807, in __iter__
    yield from run_async_gen(runner, self._async_iterable)
GeneratorExit

During handling of the above exception, another exception occurred:

RuntimeError: aclose(): asynchronous generator is already running
an error occurred during closing of asynchronous generator <async_generator object async_merge at 0x14ebab5ea150>
asyncgen: <async_generator object async_merge at 0x14ebab5ea150>
Traceback (most recent call last):
  File "/pkg/modal/_utils/async_utils.py", line 807, in __iter__
    yield from run_async_gen(runner, self._async_iterable)
GeneratorExit

During handling of the above exception, another exception occurred:

RuntimeError: aclose(): asynchronous generator is already running
[22:42:59] turn 3: 72 active, gen 51s, bench 42s, PASS 3
Task was destroyed but it is pending!
task: <Task cancelling name='Task-18049' coro=<async_merge.<locals>.producer() running at /pkg/modal/_utils/async_utils.py:1038> wait_for=<Future pending cb=[Task.task_wakeup()]> cb=[gather.<locals>._done_callback() at /usr/local/lib/python3.11/asyncio/tasks.py:764]>
Task was destroyed but it is pending!
task: <Task pending name='Task-19522' coro=<<async_generator_athrow without __name__>()> wait_for=<Future pending cb=[Task.task_wakeup()]>>
Future exception was never retrieved
future: <Future finished exception=StopAsyncIteration()>
Traceback (most recent call last):
  File "/pkg/synchronicity/synchronizer.py", line 425, in wrapper_coro
    return await inner_task
           ^^^^^^^^^^^^^^^^
  File "/pkg/synchronicity/synchronizer.py", line 264, in coro_wrapped
    value = await coro
            ^^^^^^^^^^
  File "/pkg/synchronicity/exceptions.py", line 31, in coro_wrapped
    return await coro
           ^^^^^^^^^^
StopAsyncIteration
Task was destroyed but it is pending!
task: <Task cancelling name='Task-16446' coro=<async_merge.<locals>.producer() running at /pkg/modal/_utils/async_utils.py:1038> wait_for=<Future pending cb=[Task.task_wakeup()]> cb=[gather.<locals>._done_callback() at /usr/local/lib/python3.11/asyncio/tasks.py:764]>
Task was destroyed but it is pending!
task: <Task pending name='Task-18026' coro=<<async_generator_athrow without __name__>()> wait_for=<Future pending cb=[Task.task_wakeup()]>>
[22:43:42] step 3/20 reward 0.112 pass 0.28 best 2.04x zero_adv 0.67 roll 503s train 31s
an error occurred during closing of asynchronous generator <async_generator object Synchronizer._run_generator_async at 0x14ebab5e2e90>
asyncgen: <async_generator object Synchronizer._run_generator_async at 0x14ebab5e2e90>
Traceback (most recent call last):
  File "/pkg/modal/_utils/async_utils.py", line 807, in __iter__
    yield from run_async_gen(runner, self._async_iterable)
GeneratorExit

During handling of the above exception, another exception occurred:

RuntimeError: aclose(): asynchronous generator is already running
an error occurred during closing of asynchronous generator <async_generator object async_merge at 0x14ebab5ea150>
asyncgen: <async_generator object async_merge at 0x14ebab5ea150>
Traceback (most recent call last):
  File "/pkg/modal/_utils/async_utils.py", line 807, in __iter__
    yield from run_async_gen(runner, self._async_iterable)
GeneratorExit

During handling of the above exception, another exception occurred:

RuntimeError: aclose(): asynchronous generator is already running
[22:44:33] turn 0: 72 active, gen 31s, bench 20s, PASS 20
an error occurred during closing of asynchronous generator <async_generator object Synchronizer._run_generator_async at 0x14eb71725cc0>
asyncgen: <async_generator object Synchronizer._run_generator_async at 0x14eb71725cc0>
Traceback (most recent call last):
  File "/pkg/modal/_utils/async_utils.py", line 807, in __iter__
    yield from run_async_gen(runner, self._async_iterable)
GeneratorExit

During handling of the above exception, another exception occurred:

RuntimeError: aclose(): asynchronous generator is already running
an error occurred during closing of asynchronous generator <async_generator object async_merge at 0x14ebab5ea2c0>
asyncgen: <async_generator object async_merge at 0x14ebab5ea2c0>
Traceback (most recent call last):
  File "/pkg/modal/_utils/async_utils.py", line 807, in __iter__
    yield from run_async_gen(runner, self._async_iterable)
GeneratorExit

During handling of the above exception, another exception occurred:

RuntimeError: aclose(): asynchronous generator is already running
[22:45:54] turn 1: 72 active, gen 35s, bench 46s, PASS 7
an error occurred during closing of asynchronous generator <async_generator object Synchronizer._run_generator_async at 0x14eb717262b0>
asyncgen: <async_generator object Synchronizer._run_generator_async at 0x14eb717262b0>
Traceback (most recent call last):
  File "/pkg/modal/_utils/async_utils.py", line 807, in __iter__
    yield from run_async_gen(runner, self._async_iterable)
GeneratorExit

During handling of the above exception, another exception occurred:

RuntimeError: aclose(): asynchronous generator is already running
an error occurred during closing of asynchronous generator <async_generator object async_merge at 0x14eb7170afb0>
asyncgen: <async_generator object async_merge at 0x14eb7170afb0>
Traceback (most recent call last):
  File "/pkg/modal/_utils/async_utils.py", line 807, in __iter__
    yield from run_async_gen(runner, self._async_iterable)
GeneratorExit

During handling of the above exception, another exception occurred:

RuntimeError: aclose(): asynchronous generator is already running
Task was destroyed but it is pending!
task: <Task pending name='Task-24373' coro=<<async_generator_athrow without __name__>()> wait_for=<Future finished result=None>>
[22:49:33] turn 2: 72 active, gen 38s, bench 181s, PASS 4
Task was destroyed but it is pending!
task: <Task cancelling name='Task-19552' coro=<async_merge.<locals>.producer() running at /pkg/modal/_utils/async_utils.py:1038> wait_for=<Future pending cb=[Task.task_wakeup()]> cb=[gather.<locals>._done_callback() at /usr/local/lib/python3.11/asyncio/tasks.py:764]>
Task was destroyed but it is pending!
task: <Task pending name='Task-20900' coro=<<async_generator_athrow without __name__>()> wait_for=<Future pending cb=[Task.task_wakeup()]>>
Future exception was never retrieved
future: <Future finished exception=StopAsyncIteration()>
Traceback (most recent call last):
  File "/pkg/synchronicity/synchronizer.py", line 425, in wrapper_coro
    return await inner_task
           ^^^^^^^^^^^^^^^^
  File "/pkg/synchronicity/synchronizer.py", line 264, in coro_wrapped
    value = await coro
            ^^^^^^^^^^
  File "/pkg/synchronicity/exceptions.py", line 31, in coro_wrapped
    return await coro
           ^^^^^^^^^^
StopAsyncIteration
Task was destroyed but it is pending!
task: <Task cancelling name='Task-20923' coro=<async_merge.<locals>.producer() running at /pkg/modal/_utils/async_utils.py:1038> wait_for=<Future pending cb=[Task.task_wakeup()]> cb=[gather.<locals>._done_callback() at /usr/local/lib/python3.11/asyncio/tasks.py:764]>
Task was destroyed but it is pending!
task: <Task pending name='Task-22425' coro=<<async_generator_athrow without __name__>()> wait_for=<Future pending cb=[Task.task_wakeup()]>>
an error occurred during closing of asynchronous generator <async_generator object async_merge at 0x14eb7170a710>
asyncgen: <async_generator object async_merge at 0x14eb7170a710>
Traceback (most recent call last):
  File "/pkg/modal/_utils/async_utils.py", line 807, in __iter__
    yield from run_async_gen(runner, self._async_iterable)
GeneratorExit

During handling of the above exception, another exception occurred:

RuntimeError: aclose(): asynchronous generator is already running
an error occurred during closing of asynchronous generator <async_generator object Synchronizer._run_generator_async at 0x14eb717263e0>
asyncgen: <async_generator object Synchronizer._run_generator_async at 0x14eb717263e0>
Traceback (most recent call last):
  File "/pkg/modal/_utils/async_utils.py", line 807, in __iter__
    yield from run_async_gen(runner, self._async_iterable)
GeneratorExit

During handling of the above exception, another exception occurred:

RuntimeError: aclose(): asynchronous generator is already running
[22:51:40] turn 3: 72 active, gen 52s, bench 75s, PASS 3
Task was destroyed but it is pending!
task: <Task cancelling name='Task-24396' coro=<async_merge.<locals>.producer() running at /pkg/modal/_utils/async_utils.py:1038> wait_for=<Future pending cb=[Task.task_wakeup()]> cb=[gather.<locals>._done_callback() at /usr/local/lib/python3.11/asyncio/tasks.py:764]>
Task was destroyed but it is pending!
task: <Task pending name='Task-25966' coro=<Synchronizer._run_function_async() running at /pkg/synchronicity/synchronizer.py:459> wait_for=<Future pending cb=[shield.<locals>._outer_done_callback() at /usr/local/lib/python3.11/asyncio/tasks.py:908, Task.task_wakeup()]> cb=[shield.<locals>._inner_done_callback() at /usr/local/lib/python3.11/asyncio/tasks.py:891]>
Task was destroyed but it is pending!
task: <Task pending name='Task-25958' coro=<<async_generator_athrow without __name__>()> wait_for=<Future pending cb=[Task.task_wakeup()]>>
[22:52:20] step 4/20 reward 0.096 pass 0.29 best 2.04x zero_adv 0.67 roll 478s train 32s
an error occurred during closing of asynchronous generator <async_generator object Synchronizer._run_generator_async at 0x14ebab5e2640>
asyncgen: <async_generator object Synchronizer._run_generator_async at 0x14ebab5e2640>
Traceback (most recent call last):
  File "/pkg/modal/_utils/async_utils.py", line 807, in __iter__
    yield from run_async_gen(runner, self._async_iterable)
GeneratorExit

During handling of the above exception, another exception occurred:

RuntimeError: aclose(): asynchronous generator is already running
an error occurred during closing of asynchronous generator <async_generator object async_merge at 0x14ebab5ea2c0>
asyncgen: <async_generator object async_merge at 0x14ebab5ea2c0>
Traceback (most recent call last):
  File "/pkg/modal/_utils/async_utils.py", line 807, in __iter__
    yield from run_async_gen(runner, self._async_iterable)
GeneratorExit

During handling of the above exception, another exception occurred:

RuntimeError: aclose(): asynchronous generator is already running
Task was destroyed but it is pending!
task: <Task pending name='Task-27426' coro=<<async_generator_athrow without __name__>()> wait_for=<Future finished result=None>>
[22:53:41] turn 0: 72 active, gen 42s, bench 38s, PASS 20
an error occurred during closing of asynchronous generator <async_generator object async_merge at 0x14eb7170a2c0>
asyncgen: <async_generator object async_merge at 0x14eb7170a2c0>
Traceback (most recent call last):
  File "/pkg/modal/_utils/async_utils.py", line 807, in __iter__
    yield from run_async_gen(runner, self._async_iterable)
GeneratorExit

During handling of the above exception, another exception occurred:

RuntimeError: aclose(): asynchronous generator is already running
an error occurred during closing of asynchronous generator <async_generator object Synchronizer._run_generator_async at 0x14eb71725930>
asyncgen: <async_generator object Synchronizer._run_generator_async at 0x14eb71725930>
Traceback (most recent call last):
  File "/pkg/modal/_utils/async_utils.py", line 807, in __iter__
    yield from run_async_gen(runner, self._async_iterable)
GeneratorExit

During handling of the above exception, another exception occurred:

RuntimeError: aclose(): asynchronous generator is already running
Task was destroyed but it is pending!
task: <Task pending name='Task-29383' coro=<<async_generator_athrow without __name__>()> wait_for=<Future finished result=None>>
[22:57:31] turn 1: 72 active, gen 45s, bench 186s, PASS 11
[modal-client] 2026-09-22T22:58:34+0000 Received a cancellation signal while processing input ('in-01M35K1CEA4ZMMGGC7A4CFPDG2:1790115361229-0',)
an error occurred during closing of asynchronous generator <async_generator object Synchronizer._run_generator_async at 0x14ebab5e2640>
asyncgen: <async_generator object Synchronizer._run_generator_async at 0x14ebab5e2640>
Traceback (most recent call last):
  File "/pkg/modal/_utils/async_utils.py", line 807, in __iter__
    yield from run_async_gen(runner, self._async_iterable)
  File "/pkg/modal/_utils/async_utils.py", line 885, in run_async_gen
    next_yield = runner.run(gen.asend(next_send))  # type: ignore[arg-type]
                 ^^^^^^^^^^^^^^^^^^^^^^^^^^^^^^^^
  File "/pkg/synchronicity/async_utils.py", line 85, in run
    return self._loop.run_until_complete(wrapper_coro())
           ^^^^^^^^^^^^^^^^^^^^^^^^^^^^^^^^^^^^^^^^^^^^^
  File "/usr/local/lib/python3.11/asyncio/base_events.py", line 641, in run_until_complete
    self.run_forever()
  File "/usr/local/lib/python3.11/asyncio/base_events.py", line 608, in run_forever
    self._run_once()
  File "/usr/local/lib/python3.11/asyncio/base_events.py", line 1898, in _run_once
    event_list = self._selector.select(timeout)
                 ^^^^^^^^^^^^^^^^^^^^^^^^^^^^^^
  File "/usr/local/lib/python3.11/selectors.py", line 468, in select
    fd_event_list = self._selector.poll(timeout, max_ev)
                    ^^^^^^^^^^^^^^^^^^^^^^^^^^^^^^^^^^^^
  File "/pkg/modal/_container_entrypoint.py", line 241, in _cancel_input_signal_handler
    raise InputCancellation("Input was cancelled by user")
modal.exception.InputCancellation: Input was cancelled by user

During handling of the above exception, another exception occurred:

RuntimeError: aclose(): asynchronous generator is already running
an error occurred during closing of asynchronous generator <async_generator object async_merge at 0x14eb7170b290>
asyncgen: <async_generator object async_merge at 0x14eb7170b290>
Traceback (most recent call last):
  File "/pkg/modal/_utils/async_utils.py", line 807, in __iter__
    yield from run_async_gen(runner, self._async_iterable)
  File "/pkg/modal/_utils/async_utils.py", line 885, in run_async_gen
    next_yield = runner.run(gen.asend(next_send))  # type: ignore[arg-type]
                 ^^^^^^^^^^^^^^^^^^^^^^^^^^^^^^^^
  File "/pkg/synchronicity/async_utils.py", line 85, in run
    return self._loop.run_until_complete(wrapper_coro())
           ^^^^^^^^^^^^^^^^^^^^^^^^^^^^^^^^^^^^^^^^^^^^^
  File "/usr/local/lib/python3.11/asyncio/base_events.py", line 641, in run_until_complete
    self.run_forever()
  File "/usr/local/lib/python3.11/asyncio/base_events.py", line 608, in run_forever
    self._run_once()
  File "/usr/local/lib/python3.11/asyncio/base_events.py", line 1898, in _run_once
    event_list = self._selector.select(timeout)
                 ^^^^^^^^^^^^^^^^^^^^^^^^^^^^^^
  File "/usr/local/lib/python3.11/selectors.py", line 468, in select
    fd_event_list = self._selector.poll(timeout, max_ev)
                    ^^^^^^^^^^^^^^^^^^^^^^^^^^^^^^^^^^^^
  File "/pkg/modal/_container_entrypoint.py", line 241, in _cancel_input_signal_handler
    raise InputCancellation("Input was cancelled by user")
modal.exception.InputCancellation: Input was cancelled by user

During handling of the above exception, another exception occurred:

RuntimeError: aclose(): asynchronous generator is already running
an error occurred during closing of asynchronous generator <async_generator object _starmap_async at 0x14eb71756b00>
asyncgen: <async_generator object _starmap_async at 0x14eb71756b00>
Traceback (most recent call last):
  File "/pkg/modal/_utils/async_utils.py", line 807, in __iter__
    yield from run_async_gen(runner, self._async_iterable)
  File "/pkg/modal/_utils/async_utils.py", line 885, in run_async_gen
    next_yield = runner.run(gen.asend(next_send))  # type: ignore[arg-type]
                 ^^^^^^^^^^^^^^^^^^^^^^^^^^^^^^^^
  File "/pkg/synchronicity/async_utils.py", line 85, in run
    return self._loop.run_until_complete(wrapper_coro())
           ^^^^^^^^^^^^^^^^^^^^^^^^^^^^^^^^^^^^^^^^^^^^^
  File "/usr/local/lib/python3.11/asyncio/base_events.py", line 641, in run_until_complete
    self.run_forever()
  File "/usr/local/lib/python3.11/asyncio/base_events.py", line 608, in run_forever
    self._run_once()
  File "/usr/local/lib/python3.11/asyncio/base_events.py", line 1898, in _run_once
    event_list = self._selector.select(timeout)
                 ^^^^^^^^^^^^^^^^^^^^^^^^^^^^^^
  File "/usr/local/lib/python3.11/selectors.py", line 468, in select
    fd_event_list = self._selector.poll(timeout, max_ev)
                    ^^^^^^^^^^^^^^^^^^^^^^^^^^^^^^^^^^^^
  File "/pkg/modal/_container_entrypoint.py", line 241, in _cancel_input_signal_handler
    raise InputCancellation("Input was cancelled by user")
modal.exception.InputCancellation: Input was cancelled by user

During handling of the above exception, another exception occurred:

RuntimeError: aclose(): asynchronous generator is already running
an error occurred during closing of asynchronous generator <async_generator object _map_helper at 0x14eb71702500>
asyncgen: <async_generator object _map_helper at 0x14eb71702500>
Traceback (most recent call last):
  File "/pkg/modal/_utils/async_utils.py", line 807, in __iter__
    yield from run_async_gen(runner, self._async_iterable)
  File "/pkg/modal/_utils/async_utils.py", line 885, in run_async_gen
    next_yield = runner.run(gen.asend(next_send))  # type: ignore[arg-type]
                 ^^^^^^^^^^^^^^^^^^^^^^^^^^^^^^^^
  File "/pkg/synchronicity/async_utils.py", line 85, in run
    return self._loop.run_until_complete(wrapper_coro())
           ^^^^^^^^^^^^^^^^^^^^^^^^^^^^^^^^^^^^^^^^^^^^^
  File "/usr/local/lib/python3.11/asyncio/base_events.py", line 641, in run_until_complete
    self.run_forever()
  File "/usr/local/lib/python3.11/asyncio/base_events.py", line 608, in run_forever
    self._run_once()
  File "/usr/local/lib/python3.11/asyncio/base_events.py", line 1898, in _run_once
    event_list = self._selector.select(timeout)
                 ^^^^^^^^^^^^^^^^^^^^^^^^^^^^^^
  File "/usr/local/lib/python3.11/selectors.py", line 468, in select
    fd_event_list = self._selector.poll(timeout, max_ev)
                    ^^^^^^^^^^^^^^^^^^^^^^^^^^^^^^^^^^^^
  File "/pkg/modal/_container_entrypoint.py", line 241, in _cancel_input_signal_handler
    raise InputCancellation("Input was cancelled by user")
modal.exception.InputCancellation: Input was cancelled by user

During handling of the above exception, another exception occurred:

RuntimeError: aclose(): asynchronous generator is already running
an error occurred during closing of asynchronous generator <async_generator object _Function._map at 0x14eb71742f00>
asyncgen: <async_generator object _Function._map at 0x14eb71742f00>
Traceback (most recent call last):
  File "/pkg/modal/_utils/async_utils.py", line 807, in __iter__
    yield from run_async_gen(runner, self._async_iterable)
  File "/pkg/modal/_utils/async_utils.py", line 885, in run_async_gen
    next_yield = runner.run(gen.asend(next_send))  # type: ignore[arg-type]
                 ^^^^^^^^^^^^^^^^^^^^^^^^^^^^^^^^
  File "/pkg/synchronicity/async_utils.py", line 85, in run
    return self._loop.run_until_complete(wrapper_coro())
           ^^^^^^^^^^^^^^^^^^^^^^^^^^^^^^^^^^^^^^^^^^^^^
  File "/usr/local/lib/python3.11/asyncio/base_events.py", line 641, in run_until_complete
    self.run_forever()
  File "/usr/local/lib/python3.11/asyncio/base_events.py", line 608, in run_forever
    self._run_once()
  File "/usr/local/lib/python3.11/asyncio/base_events.py", line 1898, in _run_once
    event_list = self._selector.select(timeout)
                 ^^^^^^^^^^^^^^^^^^^^^^^^^^^^^^
  File "/usr/local/lib/python3.11/selectors.py", line 468, in select
    fd_event_list = self._selector.poll(timeout, max_ev)
                    ^^^^^^^^^^^^^^^^^^^^^^^^^^^^^^^^^^^^
  File "/pkg/modal/_container_entrypoint.py", line 241, in _cancel_input_signal_handler
    raise InputCancellation("Input was cancelled by user")
modal.exception.InputCancellation: Input was cancelled by user

During handling of the above exception, another exception occurred:

RuntimeError: aclose(): asynchronous generator is already running
[modal-client] 2026-09-22T22:58:34+0000 Successfully canceled input ('in-01M35K1CEA4ZMMGGC7A4CFPDG2:1790115361229-0',)
unhandled exception during asyncio.run() shutdown
task: <Task finished name='Task-30092' coro=<UnaryUnaryWrapper.__call__() done, defined at /pkg/modal/_grpc_client.py:110> exception=ClientClosed(23006095941392)>
Traceback (most recent call last):
  File "/pkg/modal/_grpc_client.py", line 158, in direct
    return await self.client._call_unary(self.wrapped_method, req, timeout=timeout, metadata=metadata)
           ^^^^^^^^^^^^^^^^^^^^^^^^^^^^^^^^^^^^^^^^^^^^^^^^^^^^^^^^^^^^^^^^^^^^^^^^^^^^^^^^^^^^^^^^^^^
  File "/pkg/modal/client.py", line 338, in _call_unary
    return await self._call_safely(coro, grpclib_method.name)
           ^^^^^^^^^^^^^^^^^^^^^^^^^^^^^^^^^^^^^^^^^^^^^^^^^^
  File "/pkg/modal/client.py", line 301, in _call_safely
    raise ClientClosed(id(self)) from None
modal.exception.ClientClosed: 23006095941392
an error occurred during closing of asynchronous generator <async_generator object _Function._map at 0x14eb71702b90>
asyncgen: <async_generator object _Function._map at 0x14eb71702b90>
Traceback (most recent call last):
  File "/pkg/modal/parallel_map.py", line 984, in _map_invocation_inputplane
    yield maybe_output.value
GeneratorExit

During handling of the above exception, another exception occurred:

Traceback (most recent call last):
  File "/pkg/modal/_functions.py", line 1648, in _map
    async with aclosing(
  File "/pkg/modal/_utils/async_utils.py", line 906, in __aexit__
    await self.agen.aclose()
  File "/pkg/modal/parallel_map.py", line 979, in _map_invocation_inputplane
    async with aclosing(
  File "/pkg/modal/_utils/async_utils.py", line 906, in __aexit__
    await self.agen.aclose()
RuntimeError: aclose(): asynchronous generator is already running
Task was destroyed but it is pending!
task: <Task pending name='Task-29991' coro=<_WarnIfGeneratorIsNotConsumed.asend() done, defined at /pkg/modal/_utils/async_utils.py:715> wait_for=<Future pending cb=[Task.task_wakeup()]> cb=[Task.task_wakeup()]>
Exception ignored in: <coroutine object Queue.get at 0x14eb717ecf20>
Traceback (most recent call last):
  File "/usr/local/lib/python3.11/asyncio/queues.py", line 160, in get
    getter.cancel()  # Just in case getter is not done yet.
    ^^^^^^^^^^^^^^^
  File "/usr/local/lib/python3.11/asyncio/base_events.py", line 762, in call_soon
    self._check_closed()
  File "/usr/local/lib/python3.11/asyncio/base_events.py", line 520, in _check_closed
    raise RuntimeError('Event loop is closed')
RuntimeError: Event loop is closed
Task was destroyed but it is pending!
task: <Task pending name='Task-29993' coro=<Queue.get() done, defined at /usr/local/lib/python3.11/asyncio/queues.py:149> wait_for=<Future cancelled>>
Task was destroyed but it is pending!
task: <Task pending name='Task-27423' coro=<Synchronizer._run_function_async() running at /pkg/synchronicity/synchronizer.py:459> wait_for=<Future pending cb=[shield.<locals>._outer_done_callback() at /usr/local/lib/python3.11/asyncio/tasks.py:908, Task.task_wakeup()]>>
Task was destroyed but it is pending!
task: <Task pending name='Task-29405' coro=<async_merge.<locals>.producer() running at /pkg/modal/_utils/async_utils.py:1038> wait_for=<Future pending cb=[shield.<locals>._outer_done_callback() at /usr/local/lib/python3.11/asyncio/tasks.py:908, Task.task_wakeup()]>>
╭───────────────────── Traceback (most recent call last) ──────────────────────╮
│ /Users/ram/kernel-finetuning/Kernel-Writer-RL-v2/modal_app/train_grpo.py:235 │
│ in main                                                                      │
│                                                                              │
│   234 │   │    lr: float = 1e-5, bench_gpu: str = "L4"):                     │
│ ❱ 235 │   train.remote(run=run, steps=steps, group=group, max_turns=max_turn │
│   236 │   │   │   │    bench_gpu=bench_gpu)                                  │
│                                                                              │
│ /Library/Frameworks/Python.framework/Versions/3.11/lib/python3.11/site-packa │
│ ges/modal/_object.py:46 in wrapped                                           │
│                                                                              │
│    45 │   │   await self.hydrate()                                           │
│ ❱  46 │   │   return await method(self, *args, **kwargs)                     │
│    47                                                                        │
│                                                                              │
│ /Library/Frameworks/Python.framework/Versions/3.11/lib/python3.11/site-packa │
│ ges/modal/_functions.py:1769 in remote                                       │
│                                                                              │
│   1768 │   │                                                                 │
│ ❱ 1769 │   │   return await self._call_function(args, kwargs)                │
│   1770                                                                       │
│                                                                              │
│ /Library/Frameworks/Python.framework/Versions/3.11/lib/python3.11/site-packa │
│ ges/modal/_functions.py:1713 in _call_function                               │
│                                                                              │
│   1712 │   │                                                                 │
│ ❱ 1713 │   │   return await invocation.run_function()                        │
│   1714                                                                       │
│                                                                              │
│ /Library/Frameworks/Python.framework/Versions/3.11/lib/python3.11/site-packa │
│ ges/modal/_functions.py:477 in run_function                                  │
│                                                                              │
│    476 │   │   │   if await_response.output.result.status in TERMINAL_STATUS │
│ ❱  477 │   │   │   │   return await _process_result(                         │
│    478 │   │   │   │   │   await_response.output.result, await_response.outp │
│                                                                              │
│ /Library/Frameworks/Python.framework/Versions/3.11/lib/python3.11/site-packa │
│ ges/modal/_utils/function_utils.py:529 in _process_result                    │
│                                                                              │
│   528 │   │                                                                  │
│ ❱ 529 │   │   raise RemoteError(result.exception)                            │
│   530                                                                        │
╰──────────────────────────────────────────────────────────────────────────────╯
RemoteError: Function call was cancelled by user or a failure.
