✓ Initialized. View run at 
https://modal.com/apps/picographer0214/main/ap-k0bDj3AUzK6tXjNlKhsMmF
✓ Created objects.
├── 🔨 Created mount 
│   /Users/ram/kernel-finetuning/Kernel-Writer-RL-v2/modal_app/bench_modal.py
├── 🔨 Created mount PythonPackage:common
└── 🔨 Created function Bencher.*.
╭─ Modal Deprecation Warning (2025-06-27) ─────────────────────────────────────╮
│ Function.starmap currently leaks an internal exception wrapping type         │
│ (modal.exceptions.UserCodeException) when `return_exceptions=True` is set.   │
│ In the future, this will change, and the underlying exception will be        │
│ returned directly.                                                           │
│ To opt into the future behavior and silence this warning, add                │
│ `wrap_returned_exceptions=False`:                                            │
│                                                                              │
│     f.starmap(..., return_exceptions=True, wrap_returned_exceptions=False)   │
│                                                                              │
│ Source:                                                                      │
│ /Users/ram/kernel-finetuning/Kernel-Writer-RL-v2/modal_app/bench_modal.py:16 │
│ 9                                                                            │
│   for (kt, quick, rep, _), r in zip(sub, B.run.starmap(args,                 │
│ return_exceptions=True)):                                                    │
╰──────────────────────────────────────────────────────────────────────────────╯
H100 matmul quick 0 FAIL 0.0 5.6
H100 matmul quick 1 FAIL 0.0 5.51
H100 matmul quick 2 FAIL 0.0 4.95
H100 matmul full 0 FAIL 0.0 7.79
H100 softmax quick 0 PASS 1.928 18.25
H100 softmax quick 1 PASS 1.881 21.36
H100 softmax quick 2 PASS 1.908 20.47
H100 softmax full 0 PASS 1.893 20.95
H100 layernorm quick 0 FAIL 0.0 5.07
H100 layernorm quick 1 FAIL 0.0 5.92
H100 layernorm quick 2 FAIL 0.0 5.01
H100 layernorm full 0 FAIL 0.0 5.73
H100 rmsnorm quick 0 PASS 5.112 3.44
H100 rmsnorm quick 1 PASS 5.091 3.45
H100 rmsnorm quick 2 PASS 5.086 3.91
H100 rmsnorm full 0 FAIL 0.0 3.51
H100 flash_attention quick 0 PASS 4.994 9.12
H100 flash_attention quick 1 PASS 4.965 9.81
H100 flash_attention quick 2 PASS 5.002 11.09
H100 flash_attention full 0 FAIL 0.0 12.05
H100 fused_mlp quick 0 FAIL 0.0 2.36
H100 fused_mlp quick 1 FAIL 0.0 2.27
H100 fused_mlp quick 2 FAIL 0.0 2.21
H100 fused_mlp full 0 FAIL 0.0 3.08
H100 cross_entropy quick 0 PASS 2.838 9.02
H100 cross_entropy quick 1 PASS 2.855 9.04
H100 cross_entropy quick 2 PASS 2.85 9.16
H100 cross_entropy full 0 PASS 2.833 10.73
H100 rotary_embedding quick 0 FAIL 0.0 3.27
H100 rotary_embedding quick 1 FAIL 0.0 3.22
H100 rotary_embedding quick 2 FAIL 0.0 3.21
H100 rotary_embedding full 0 FAIL 0.0 3.88
H100 reduce quick 0 PASS 1.249 3.48
H100 reduce quick 1 PASS 1.251 3.59
H100 reduce quick 2 PASS 1.254 3.81
H100 reduce full 0 PASS 1.25 3.74
an error occurred during closing of asynchronous generator <async_generator object Synchronizer._run_generator_async at 0x102ff0c20>
asyncgen: <async_generator object Synchronizer._run_generator_async at 0x102ff0c20>
Traceback (most recent call last):
  File "/Library/Frameworks/Python.framework/Versions/3.11/lib/python3.11/site-packages/modal/_utils/async_utils.py", line 807, in __iter__
    yield from run_async_gen(runner, self._async_iterable)
GeneratorExit

During handling of the above exception, another exception occurred:

RuntimeError: aclose(): asynchronous generator is already running
an error occurred during closing of asynchronous generator <async_generator object async_merge at 0x102e5e9f0>
asyncgen: <async_generator object async_merge at 0x102e5e9f0>
Traceback (most recent call last):
  File "/Library/Frameworks/Python.framework/Versions/3.11/lib/python3.11/site-packages/modal/_utils/async_utils.py", line 807, in __iter__
    yield from run_async_gen(runner, self._async_iterable)
GeneratorExit

During handling of the above exception, another exception occurred:

RuntimeError: aclose(): asynchronous generator is already running
Task was destroyed but it is pending!
task: <Task pending name='Task-1116' coro=<<async_generator_athrow without __name__>()> wait_for=<Future finished result=None>>
╭─ Modal Deprecation Warning (2025-06-27) ─────────────────────────────────────╮
│ Function.starmap currently leaks an internal exception wrapping type         │
│ (modal.exceptions.UserCodeException) when `return_exceptions=True` is set.   │
│ In the future, this will change, and the underlying exception will be        │
│ returned directly.                                                           │
│ To opt into the future behavior and silence this warning, add                │
│ `wrap_returned_exceptions=False`:                                            │
│                                                                              │
│     f.starmap(..., return_exceptions=True, wrap_returned_exceptions=False)   │
│                                                                              │
│ Source:                                                                      │
│ /Users/ram/kernel-finetuning/Kernel-Writer-RL-v2/modal_app/bench_modal.py:16 │
│ 9                                                                            │
│   for (kt, quick, rep, _), r in zip(sub, B.run.starmap(args,                 │
│ return_exceptions=True)):                                                    │
╰──────────────────────────────────────────────────────────────────────────────╯
L4 matmul quick 0 FAIL 0.0 7.7
L4 matmul quick 1 FAIL 0.0 8.25
L4 matmul quick 2 FAIL 0.0 5.5
L4 matmul full 0 FAIL 0.0 8.92
L4 softmax quick 0 PASS 0.862 33.46
L4 softmax quick 1 PASS 0.859 34.32
L4 softmax quick 2 PASS 0.883 5.95
L4 softmax full 0 PASS 0.993 8.39
L4 layernorm quick 0 FAIL 0.0 8.53
L4 layernorm quick 1 FAIL 0.0 8.34
L4 layernorm quick 2 FAIL 0.0 5.11
L4 layernorm full 0 FAIL 0.0 7.42
L4 rmsnorm quick 0 PASS 2.909 5.71
L4 rmsnorm quick 1 PASS 2.885 5.79
L4 rmsnorm quick 2 PASS 2.917 4.7
L4 rmsnorm full 0 FAIL 0.0 5.68
L4 flash_attention quick 0 FAIL 0.0 22.19
L4 flash_attention quick 1 FAIL 0.0 22.65
L4 flash_attention quick 2 FAIL 0.0 5.65
L4 flash_attention full 0 FAIL 0.0 8.14
L4 fused_mlp quick 0 FAIL 0.0 4.79
L4 fused_mlp quick 1 FAIL 0.0 4.68
L4 fused_mlp quick 2 FAIL 0.0 4.56
L4 fused_mlp full 0 FAIL 0.0 4.68
L4 cross_entropy quick 0 PASS 1.786 16.75
L4 cross_entropy quick 1 PASS 1.858 16.49
L4 cross_entropy quick 2 PASS 1.785 5.12
L4 cross_entropy full 0 PASS 2.035 6.76
L4 rotary_embedding quick 0 FAIL 0.0 5.13
L4 rotary_embedding quick 1 FAIL 0.0 5.14
L4 rotary_embedding quick 2 FAIL 0.0 4.7
L4 rotary_embedding full 0 FAIL 0.0 6.27
L4 reduce quick 0 PASS 0.986 5.74
L4 reduce quick 1 PASS 0.986 5.68
L4 reduce quick 2 PASS 0.987 4.74
L4 reduce full 0 PASS 0.986 7.6
an error occurred during closing of asynchronous generator <async_generator object Synchronizer._run_generator_async at 0x102ff0d50>
asyncgen: <async_generator object Synchronizer._run_generator_async at 0x102ff0d50>
Traceback (most recent call last):
  File "/Library/Frameworks/Python.framework/Versions/3.11/lib/python3.11/site-packages/modal/_utils/async_utils.py", line 807, in __iter__
    yield from run_async_gen(runner, self._async_iterable)
GeneratorExit

During handling of the above exception, another exception occurred:

RuntimeError: aclose(): asynchronous generator is already running
an error occurred during closing of asynchronous generator <async_generator object async_merge at 0x102e5eb60>
asyncgen: <async_generator object async_merge at 0x102e5eb60>
Traceback (most recent call last):
  File "/Library/Frameworks/Python.framework/Versions/3.11/lib/python3.11/site-packages/modal/_utils/async_utils.py", line 807, in __iter__
    yield from run_async_gen(runner, self._async_iterable)
GeneratorExit

During handling of the above exception, another exception occurred:

RuntimeError: aclose(): asynchronous generator is already running
Task was destroyed but it is pending!
task: <Task pending name='Task-2484' coro=<<async_generator_athrow without __name__>()> wait_for=<Future finished result=None>>
Stopping app - local entrypoint completed.
✓ App completed. View run at 
https://modal.com/apps/picographer0214/main/ap-k0bDj3AUzK6tXjNlKhsMmF
